Godot Engine v4.7.2.stable.official.ed1daf0bf - https://godotengine.org

[   0% ] first_scan_filesystem | Started 项目初始化 (5 steps)
[   0% ] first_scan_filesystem | 正在扫描文件结构……
[  16% ] first_scan_filesystem | 正在加载全局类名……
[  33% ] first_scan_filesystem | 正在校验 GDExtension……
[  50% ] first_scan_filesystem | 正在创建自动加载脚本……
[  66% ] first_scan_filesystem | 正在初始化插件……
[  83% ] first_scan_filesystem | 正在启动文件扫描……
[ DONE ] first_scan_filesystem

[   0% ] update_scripts_classes | Started 正在注册全局类…… (2 steps)
[   0% ] update_scripts_classes | 
[  33% ] update_scripts_classes | 
[ DONE ] update_scripts_classes

[   0% ] _update_scan_actions | Started 正在扫描动作…… (17 steps)
[   0% ] _update_scan_actions | idle-p2-v1.png
[   5% ] _update_scan_actions | thrust-p2-v1.png
[  11% ] _update_scan_actions | walk-p2-v1.png
[  16% ] _update_scan_actions | pavement-1-v1.glb
[  22% ] _update_scan_actions | tea-facade-v1.glb
[  27% ] _update_scan_actions | tea-foundation-v1.glb
[  33% ] _update_scan_actions | tea-roof-v1.glb
[  38% ] _update_scan_actions | tea-walls-v1.glb
[  44% ] _update_scan_actions | plaster-albedo-v1.png
[  50% ] _update_scan_actions | plaster-normal-v1.png
[  55% ] _update_scan_actions | plaster-orm-v1.png
[  61% ] _update_scan_actions | stone-albedo-v1.png
[  66% ] _update_scan_actions | stone-normal-v1.png
[  72% ] _update_scan_actions | stone-orm-v1.png
[  77% ] _update_scan_actions | wood-albedo-v1.png
[  83% ] _update_scan_actions | wood-normal-v1.png
[  88% ] _update_scan_actions | wood-orm-v1.png
[ DONE ] _update_scan_actions

[   0% ] reimport | Started 正在导入或重新导入资产 (12 steps)
[   0% ] reimport | 正在准备重新导入文件……
[   7% ] reimport | 正在准备重新导入文件……
[  15% ] reimport | 正在准备重新导入文件……
[  23% ] reimport | 正在准备重新导入文件……
[  30% ] reimport | 正在准备重新导入文件……
[  38% ] reimport | 正在准备重新导入文件……
[  46% ] reimport | 正在准备重新导入文件……
[  53% ] reimport | 正在准备重新导入文件……
[  61% ] reimport | 正在准备重新导入文件……
[  69% ] reimport | 正在准备重新导入文件……
[  76% ] reimport | 正在准备重新导入文件……
[  84% ] reimport | 正在准备重新导入文件……
[   0% ] reimport | 正在执行重新导入的前置操作……
[   0% ] preload_reimporting_scene | Started 正在准备重新加载场景 (1 steps)
[   0% ] preload_reimporting_scene | 正在分析场景 [空]
[  50% ] preload_reimporting_scene | 准备完成。
[ DONE ] preload_reimporting_scene

[   0% ] reimport | idle-p2-v1.png
[   7% ] reimport | thrust-p2-v1.png
[  15% ] reimport | walk-p2-v1.png
[  23% ] reimport | tea-facade-v1_wood-albedo-v1.png
[  30% ] reimport | tea-roof-v1_wood-albedo-v1.png
[  38% ] reimport | tea-walls-v1_wood-albedo-v1.png
[  46% ] reimport | plaster-albedo-v1.png
[  53% ] reimport | plaster-normal-v1.png
[  61% ] reimport | plaster-orm-v1.png
[  69% ] reimport | tea-facade-v1.glb
[   0% ] import | Started 导入场景 (104 steps)
[   0% ] import | 导入场景中...
[   1% ] import | 执行自定义脚本...
[  99% ] import | 保存中...
[ DONE ] import

[  76% ] reimport | tea-roof-v1.glb
[   0% ] import | Started 导入场景 (104 steps)
[   0% ] import | 导入场景中...
[   1% ] import | 执行自定义脚本...
[  99% ] import | 保存中...
[ DONE ] import

[  84% ] reimport | tea-walls-v1.glb
[   0% ] import | Started 导入场景 (104 steps)
[   0% ] import | 导入场景中...
[   1% ] import | 执行自定义脚本...
[  99% ] import | 保存中...
[ DONE ] import

[  92% ] reimport | 正在结束资产导入……
[ DONE ] reimport

[   0% ] reimport | Started 正在导入或重新导入资产 (12 steps)
[   0% ] reimport | 正在执行重新导入的后置操作……
[ DONE ] reimport

[   0% ] loading_editor_layout | Started 正在加载编辑器 (5 steps)
[   0% ] loading_editor_layout | 正在加载编辑器布局……
[  16% ] loading_editor_layout | 正在加载停靠面板……
[ DONE ] loading_editor_layout

